[debug] [2026-05-13T01:09:59.525Z] ----------------------------------------------------------------------
[debug] [2026-05-13T01:09:59.528Z] Command:       C:\Program Files\nodejs\node.exe C:\Users\DELL\AppData\Roaming\npm\node_modules\firebase-tools\lib\bin\firebase.js init
[debug] [2026-05-13T01:09:59.528Z] CLI Version:   15.17.0
[debug] [2026-05-13T01:09:59.528Z] Platform:      win32
[debug] [2026-05-13T01:09:59.528Z] Node Version:  v24.14.1
[debug] [2026-05-13T01:09:59.528Z] Time:          Wed May 13 2026 02:09:59 GMT+0100 (West Africa Time)
[debug] [2026-05-13T01:09:59.528Z] ----------------------------------------------------------------------
[debug] 
[info] 
     ######## #### ########  ######## ########     ###     ######  ########
     ##        ##  ##     ## ##       ##     ##  ##   ##  ##       ##
     ######    ##  ########  ######   ########  #########  ######  ######
     ##        ##  ##    ##  ##       ##     ## ##     ##       ## ##
     ##       #### ##     ## ######## ########  ##     ##  ######  ########

You're about to initialize a Firebase project in this directory:

  C:\Users\DELL\OneDrive\Bureau\incub link projet 23

[debug] [2026-05-13T01:14:46.528Z] ExitPromptError: User force closed the prompt with SIGINT
    at Interface.sigint (C:\Users\DELL\AppData\Roaming\npm\node_modules\firebase-tools\node_modules\@inquirer\core\dist\commonjs\lib\create-prompt.js:101:37)
    at Interface.emit (node:events:508:28)
    at [_ttyWrite] [as _ttyWrite] (node:internal/readline/interface:1327:18)
    at ReadStream.onkeypress (node:internal/readline/interface:284:20)
    at ReadStream.emit (node:events:520:35)
    at emitKeys (node:internal/readline/utils:371:14)
    at emitKeys.next (<anonymous>)
    at ReadStream.onData (node:internal/readline/emitKeypressEvents:64:36)
    at ReadStream.emit (node:events:508:28)
    at addChunk (node:internal/streams/readable:563:12)
[error] 
[error] Error: An unexpected error has occurred.
